#-----------------------------------------------------------
# Vivado v2023.2 (64-bit)
# SW Build 4029153 on Fri Oct 13 20:13:54 MDT 2023
# IP Build 4028589 on Sat Oct 14 00:45:43 MDT 2023
# SharedData Build 4025554 on Tue Oct 10 17:18:54 MDT 2023
# Start of session at: Fri Sep  6 18:53:59 2024
# Process ID: 41335
# Current directory: /home/eskilrl/Documents/Orbit/Biosat_FPGA/electronics-FPGA-libs/src/SPI/SPI_S_v2
# Command line: vivado -mode batch -source ./synt.tcl
# Log file: /home/eskilrl/Documents/Orbit/Biosat_FPGA/electronics-FPGA-libs/src/SPI/SPI_S_v2/vivado.log
# Journal file: /home/eskilrl/Documents/Orbit/Biosat_FPGA/electronics-FPGA-libs/src/SPI/SPI_S_v2/vivado.jou
# Running On: eskilrl-Yoga-Pro-9-14IRP8, OS: Linux, CPU Frequency: 2082.913 MHz, CPU Physical cores: 14, Host memory: 33377 MB
#-----------------------------------------------------------
source ./synt.tcl
# set outputDir ./out/ 
# file mkdir $outputDir
# read_verilog -sv [ glob ./src/*.sv]
# read_xdc ./SPI_S_TEST.xdc
# synth_design -top SPI_S_TEST -part xc7a35tcpg236-1
Command: synth_design -top SPI_S_TEST -part xc7a35tcpg236-1
Starting synth_design
Attempting to get a license for feature 'Synthesis' and/or device 'xc7a35t'
INFO: [Common 17-349] Got license for feature 'Synthesis' and/or device 'xc7a35t'
INFO: [Device 21-403] Loading part xc7a35tcpg236-1
INFO: [Synth 8-7079] Multithreading enabled for synth_design using a maximum of 4 processes.
INFO: [Synth 8-7078] Launching helper process for spawning children vivado processes
INFO: [Synth 8-7075] Helper process launched with PID 41344
---------------------------------------------------------------------------------
Starting RTL Elaboration : Time (s): cpu = 00:00:02 ; elapsed = 00:00:02 . Memory (MB): peak = 2010.082 ; gain = 404.684 ; free physical = 13719 ; free virtual = 26373
---------------------------------------------------------------------------------
WARNING: [Synth 8-9661] initial value of parameter 'frame_size' is omitted [src/Slave_modul.sv:3]
WARNING: [Synth 8-9661] initial value of parameter 'frame_size' is omitted [src/Slave_modul.sv:3]
CRITICAL WARNING: [Synth 8-9873] overwriting previous definition of module 'Slave_modul' [src/Slave_modul.sv:90]
INFO: [Synth 8-9937] previous definition of design element 'Slave_modul' is here [src/Slave_modul.sv:90]
INFO: [Synth 8-6157] synthesizing module 'SPI_S_TEST' [/home/eskilrl/Documents/Orbit/Biosat_FPGA/electronics-FPGA-libs/src/SPI/SPI_S_v2/src/SPI_S_TEST.sv:3]
INFO: [Synth 8-6157] synthesizing module 'Slave_modul' [/home/eskilrl/Documents/Orbit/Biosat_FPGA/electronics-FPGA-libs/src/SPI/SPI_S_v2/src/Slave_modul.sv:3]
	Parameter frame_size bound to: 31 - type: integer 
INFO: [Synth 8-6155] done synthesizing module 'Slave_modul' (0#1) [/home/eskilrl/Documents/Orbit/Biosat_FPGA/electronics-FPGA-libs/src/SPI/SPI_S_v2/src/Slave_modul.sv:3]
WARNING: [Synth 8-689] width (32) of port connection 'MOSI_DATA' does not match port width (1) of module 'Slave_modul' [/home/eskilrl/Documents/Orbit/Biosat_FPGA/electronics-FPGA-libs/src/SPI/SPI_S_v2/src/SPI_S_TEST.sv:121]
WARNING: [Synth 8-689] width (32) of port connection 'MISO_DATA' does not match port width (1) of module 'Slave_modul' [/home/eskilrl/Documents/Orbit/Biosat_FPGA/electronics-FPGA-libs/src/SPI/SPI_S_v2/src/SPI_S_TEST.sv:122]
INFO: [Synth 8-6155] done synthesizing module 'SPI_S_TEST' (0#1) [/home/eskilrl/Documents/Orbit/Biosat_FPGA/electronics-FPGA-libs/src/SPI/SPI_S_v2/src/SPI_S_TEST.sv:3]
WARNING: [Synth 8-6014] Unused sequential element MOSIr_reg was removed.  [/home/eskilrl/Documents/Orbit/Biosat_FPGA/electronics-FPGA-libs/src/SPI/SPI_S_v2/src/Slave_modul.sv:35]
WARNING: [Synth 8-6014] Unused sequential element byte_data_recieved_reg was removed.  [/home/eskilrl/Documents/Orbit/Biosat_FPGA/electronics-FPGA-libs/src/SPI/SPI_S_v2/src/Slave_modul.sv:54]
WARNING: [Synth 8-6014] Unused sequential element one_second_counter_reg was removed.  [/home/eskilrl/Documents/Orbit/Biosat_FPGA/electronics-FPGA-libs/src/SPI/SPI_S_v2/src/SPI_S_TEST.sv:49]
WARNING: [Synth 8-6014] Unused sequential element led_state_reg was removed.  [/home/eskilrl/Documents/Orbit/Biosat_FPGA/electronics-FPGA-libs/src/SPI/SPI_S_v2/src/SPI_S_TEST.sv:136]
WARNING: [Synth 8-3848] Net led_MISO_t in module/entity SPI_S_TEST does not have driver. [/home/eskilrl/Documents/Orbit/Biosat_FPGA/electronics-FPGA-libs/src/SPI/SPI_S_v2/src/SPI_S_TEST.sv:14]
WARNING: [Synth 8-3917] design SPI_S_TEST has port led_sendt driven by constant 0
WARNING: [Synth 8-7129] Port MISO_DATA in module Slave_modul is either unconnected or has no load
WARNING: [Synth 8-7129] Port SCK in module Slave_modul is either unconnected or has no load
WARNING: [Synth 8-7129] Port MOSI in module Slave_modul is either unconnected or has no load
WARNING: [Synth 8-7129] Port led_MISO_t in module SPI_S_TEST is either unconnected or has no load
---------------------------------------------------------------------------------
Finished RTL Elaboration : Time (s): cpu = 00:00:03 ; elapsed = 00:00:03 . Memory (MB): peak = 2085.051 ; gain = 479.652 ; free physical = 13618 ; free virtual = 26273
---------------------------------------------------------------------------------
---------------------------------------------------------------------------------
Start Handling Custom Attributes
---------------------------------------------------------------------------------
---------------------------------------------------------------------------------
Finished Handling Custom Attributes : Time (s): cpu = 00:00:03 ; elapsed = 00:00:03 . Memory (MB): peak = 2102.863 ; gain = 497.465 ; free physical = 13618 ; free virtual = 26273
---------------------------------------------------------------------------------
---------------------------------------------------------------------------------
Finished RTL Optimization Phase 1 : Time (s): cpu = 00:00:03 ; elapsed = 00:00:03 . Memory (MB): peak = 2102.863 ; gain = 497.465 ; free physical = 13618 ; free virtual = 26273
---------------------------------------------------------------------------------
Netlist sorting complete. Time (s): cpu = 00:00:00 ; elapsed = 00:00:00 . Memory (MB): peak = 2102.863 ; gain = 0.000 ; free physical = 13618 ; free virtual = 26273
INFO: [Project 1-570] Preparing netlist for logic optimization

Processing XDC Constraints
Initializing timing engine
Parsing XDC File [/home/eskilrl/Documents/Orbit/Biosat_FPGA/electronics-FPGA-libs/src/SPI/SPI_S_v2/SPI_S_TEST.xdc]
Finished Parsing XDC File [/home/eskilrl/Documents/Orbit/Biosat_FPGA/electronics-FPGA-libs/src/SPI/SPI_S_v2/SPI_S_TEST.xdc]
INFO: [Project 1-236] Implementation specific constraints were found while reading constraint file [/home/eskilrl/Documents/Orbit/Biosat_FPGA/electronics-FPGA-libs/src/SPI/SPI_S_v2/SPI_S_TEST.xdc]. These constraints will be ignored for synthesis but will be used in implementation. Impacted constraints are listed in the file [.Xil/SPI_S_TEST_propImpl.xdc].
Resolution: To avoid this warning, move constraints listed in [.Xil/SPI_S_TEST_propImpl.xdc] to another XDC file and exclude this new file from synthesis with the used_in_synthesis property (File Properties dialog in GUI) and re-run elaboration/synthesis.
Completed Processing XDC Constraints

Netlist sorting complete. Time (s): cpu = 00:00:00 ; elapsed = 00:00:00 . Memory (MB): peak = 2248.613 ; gain = 0.000 ; free physical = 13614 ; free virtual = 26269
INFO: [Project 1-111] Unisim Transformation Summary:
No Unisim elements were transformed.

Constraint Validation Runtime : Time (s): cpu = 00:00:00 ; elapsed = 00:00:00 . Memory (MB): peak = 2248.648 ; gain = 0.000 ; free physical = 13614 ; free virtual = 26269
---------------------------------------------------------------------------------
Finished Constraint Validation : Time (s): cpu = 00:00:07 ; elapsed = 00:00:07 . Memory (MB): peak = 2248.648 ; gain = 643.250 ; free physical = 13625 ; free virtual = 26280
---------------------------------------------------------------------------------
---------------------------------------------------------------------------------
Start Loading Part and Timing Information
---------------------------------------------------------------------------------
Loading part: xc7a35tcpg236-1
---------------------------------------------------------------------------------
Finished Loading Part and Timing Information : Time (s): cpu = 00:00:07 ; elapsed = 00:00:07 . Memory (MB): peak = 2248.648 ; gain = 643.250 ; free physical = 13625 ; free virtual = 26280
---------------------------------------------------------------------------------
---------------------------------------------------------------------------------
Start Applying 'set_property' XDC Constraints
---------------------------------------------------------------------------------
---------------------------------------------------------------------------------
Finished applying 'set_property' XDC Constraints : Time (s): cpu = 00:00:07 ; elapsed = 00:00:07 . Memory (MB): peak = 2248.648 ; gain = 643.250 ; free physical = 13622 ; free virtual = 26277
---------------------------------------------------------------------------------
---------------------------------------------------------------------------------
Finished RTL Optimization Phase 2 : Time (s): cpu = 00:00:07 ; elapsed = 00:00:07 . Memory (MB): peak = 2248.648 ; gain = 643.250 ; free physical = 13621 ; free virtual = 26277
---------------------------------------------------------------------------------
---------------------------------------------------------------------------------
Start RTL Component Statistics 
---------------------------------------------------------------------------------
Detailed RTL Component Info : 
+---Adders : 
	   2 Input    5 Bit       Adders := 1     
+---Registers : 
	               32 Bit    Registers := 1     
	               16 Bit    Registers := 1     
	                5 Bit    Registers := 1     
	                3 Bit    Registers := 2     
	                1 Bit    Registers := 2     
+---Muxes : 
	   5 Input   32 Bit        Muxes := 1     
	   4 Input   32 Bit        Muxes := 1     
	   2 Input   32 Bit        Muxes := 1     
	   4 Input    4 Bit        Muxes := 2     
---------------------------------------------------------------------------------
Finished RTL Component Statistics 
---------------------------------------------------------------------------------
---------------------------------------------------------------------------------
Start Part Resource Summary
---------------------------------------------------------------------------------
Part Resources:
DSPs: 90 (col length:60)
BRAMs: 100 (col length: RAMB18 60 RAMB36 30)
---------------------------------------------------------------------------------
Finished Part Resource Summary
---------------------------------------------------------------------------------
---------------------------------------------------------------------------------
Start Cross Boundary and Area Optimization
---------------------------------------------------------------------------------
WARNING: [Synth 8-7080] Parallel synthesis criteria is not met
WARNING: [Synth 8-3917] design SPI_S_TEST has port led_sendt driven by constant 0
WARNING: [Synth 8-7129] Port led_MISO_t in module SPI_S_TEST is either unconnected or has no load
---------------------------------------------------------------------------------
Finished Cross Boundary and Area Optimization : Time (s): cpu = 00:00:08 ; elapsed = 00:00:08 . Memory (MB): peak = 2248.648 ; gain = 643.250 ; free physical = 13617 ; free virtual = 26277
---------------------------------------------------------------------------------
---------------------------------------------------------------------------------
Start Applying XDC Timing Constraints
---------------------------------------------------------------------------------
---------------------------------------------------------------------------------
Finished Applying XDC Timing Constraints : Time (s): cpu = 00:00:11 ; elapsed = 00:00:11 . Memory (MB): peak = 2248.648 ; gain = 643.250 ; free physical = 13615 ; free virtual = 26275
---------------------------------------------------------------------------------
---------------------------------------------------------------------------------
Start Timing Optimization
---------------------------------------------------------------------------------
---------------------------------------------------------------------------------
Finished Timing Optimization : Time (s): cpu = 00:00:11 ; elapsed = 00:00:11 . Memory (MB): peak = 2248.648 ; gain = 643.250 ; free physical = 13615 ; free virtual = 26274
---------------------------------------------------------------------------------
---------------------------------------------------------------------------------
Start Technology Mapping
---------------------------------------------------------------------------------
---------------------------------------------------------------------------------
Finished Technology Mapping : Time (s): cpu = 00:00:11 ; elapsed = 00:00:11 . Memory (MB): peak = 2248.648 ; gain = 643.250 ; free physical = 13615 ; free virtual = 26275
---------------------------------------------------------------------------------
---------------------------------------------------------------------------------
Start IO Insertion
---------------------------------------------------------------------------------
---------------------------------------------------------------------------------
Start Flattening Before IO Insertion
---------------------------------------------------------------------------------
---------------------------------------------------------------------------------
Finished Flattening Before IO Insertion
---------------------------------------------------------------------------------
---------------------------------------------------------------------------------
Start Final Netlist Cleanup
---------------------------------------------------------------------------------
---------------------------------------------------------------------------------
Finished Final Netlist Cleanup
---------------------------------------------------------------------------------
---------------------------------------------------------------------------------
Finished IO Insertion : Time (s): cpu = 00:00:13 ; elapsed = 00:00:13 . Memory (MB): peak = 2248.648 ; gain = 643.250 ; free physical = 13616 ; free virtual = 26275
---------------------------------------------------------------------------------
---------------------------------------------------------------------------------
Start Renaming Generated Instances
---------------------------------------------------------------------------------
---------------------------------------------------------------------------------
Finished Renaming Generated Instances : Time (s): cpu = 00:00:13 ; elapsed = 00:00:13 . Memory (MB): peak = 2248.648 ; gain = 643.250 ; free physical = 13616 ; free virtual = 26275
---------------------------------------------------------------------------------
---------------------------------------------------------------------------------
Start Rebuilding User Hierarchy
---------------------------------------------------------------------------------
---------------------------------------------------------------------------------
Finished Rebuilding User Hierarchy : Time (s): cpu = 00:00:13 ; elapsed = 00:00:13 . Memory (MB): peak = 2248.648 ; gain = 643.250 ; free physical = 13616 ; free virtual = 26275
---------------------------------------------------------------------------------
---------------------------------------------------------------------------------
Start Renaming Generated Ports
---------------------------------------------------------------------------------
---------------------------------------------------------------------------------
Finished Renaming Generated Ports : Time (s): cpu = 00:00:13 ; elapsed = 00:00:13 . Memory (MB): peak = 2248.648 ; gain = 643.250 ; free physical = 13616 ; free virtual = 26275
---------------------------------------------------------------------------------
---------------------------------------------------------------------------------
Start Handling Custom Attributes
---------------------------------------------------------------------------------
---------------------------------------------------------------------------------
Finished Handling Custom Attributes : Time (s): cpu = 00:00:13 ; elapsed = 00:00:13 . Memory (MB): peak = 2248.648 ; gain = 643.250 ; free physical = 13616 ; free virtual = 26275
---------------------------------------------------------------------------------
---------------------------------------------------------------------------------
Start Renaming Generated Nets
---------------------------------------------------------------------------------
---------------------------------------------------------------------------------
Finished Renaming Generated Nets : Time (s): cpu = 00:00:13 ; elapsed = 00:00:13 . Memory (MB): peak = 2248.648 ; gain = 643.250 ; free physical = 13616 ; free virtual = 26275
---------------------------------------------------------------------------------
---------------------------------------------------------------------------------
Start Writing Synthesis Report
---------------------------------------------------------------------------------

Report BlackBoxes: 
+-+--------------+----------+
| |BlackBox name |Instances |
+-+--------------+----------+
+-+--------------+----------+

Report Cell Usage: 
+------+-------+------+
|      |Cell   |Count |
+------+-------+------+
|1     |BUFG   |     1|
|2     |CARRY4 |     6|
|3     |LUT1   |     1|
|4     |LUT2   |     4|
|5     |LUT4   |     1|
|6     |LUT6   |     6|
|7     |FDRE   |    20|
|8     |IBUF   |     4|
|9     |OBUF   |    18|
|10    |OBUFT  |     1|
+------+-------+------+
---------------------------------------------------------------------------------
Finished Writing Synthesis Report : Time (s): cpu = 00:00:13 ; elapsed = 00:00:13 . Memory (MB): peak = 2248.648 ; gain = 643.250 ; free physical = 13616 ; free virtual = 26275
---------------------------------------------------------------------------------
Synthesis finished with 0 errors, 0 critical warnings and 3 warnings.
Synthesis Optimization Runtime : Time (s): cpu = 00:00:12 ; elapsed = 00:00:12 . Memory (MB): peak = 2248.648 ; gain = 497.465 ; free physical = 13607 ; free virtual = 26267
Synthesis Optimization Complete : Time (s): cpu = 00:00:13 ; elapsed = 00:00:13 . Memory (MB): peak = 2248.648 ; gain = 643.250 ; free physical = 13607 ; free virtual = 26267
INFO: [Project 1-571] Translating synthesized netlist
Netlist sorting complete. Time (s): cpu = 00:00:00 ; elapsed = 00:00:00 . Memory (MB): peak = 2248.648 ; gain = 0.000 ; free physical = 13606 ; free virtual = 26266
INFO: [Netlist 29-17] Analyzing 6 Unisim elements for replacement
INFO: [Netlist 29-28] Unisim Transformation completed in 0 CPU seconds
INFO: [Project 1-570] Preparing netlist for logic optimization
Parsing XDC File [/home/eskilrl/Documents/Orbit/Biosat_FPGA/electronics-FPGA-libs/src/SPI/SPI_S_v2/SPI_S_TEST.xdc]
Finished Parsing XDC File [/home/eskilrl/Documents/Orbit/Biosat_FPGA/electronics-FPGA-libs/src/SPI/SPI_S_v2/SPI_S_TEST.xdc]
INFO: [Opt 31-138] Pushed 0 inverter(s) to 0 load pin(s).
Netlist sorting complete. Time (s): cpu = 00:00:00 ; elapsed = 00:00:00 . Memory (MB): peak = 2312.645 ; gain = 0.000 ; free physical = 13904 ; free virtual = 26564
INFO: [Project 1-111] Unisim Transformation Summary:
No Unisim elements were transformed.

Synth Design complete | Checksum: 4c7d42ac
INFO: [Common 17-83] Releasing license: Synthesis
20 Infos, 17 Warnings, 1 Critical Warnings and 0 Errors encountered.
synth_design completed successfully
synth_design: Time (s): cpu = 00:00:18 ; elapsed = 00:00:16 . Memory (MB): peak = 2312.680 ; gain = 1042.227 ; free physical = 13902 ; free virtual = 26562
INFO: [Common 17-2834] synth_design peak Physical Memory [PSS] (MB): overall = 1968.385; main = 1684.188; forked = 433.767
INFO: [Common 17-2834] synth_design peak Virtual Memory [VSS] (MB): overall = 3217.262; main = 2312.648; forked = 1000.660
# opt_design
Command: opt_design
Attempting to get a license for feature 'Implementation' and/or device 'xc7a35t'
INFO: [Common 17-349] Got license for feature 'Implementation' and/or device 'xc7a35t'
Running DRC as a precondition to command opt_design

Starting DRC Task
INFO: [DRC 23-27] Running DRC with 8 threads
INFO: [Project 1-461] DRC finished with 0 Errors
INFO: [Project 1-462] Please refer to the DRC report (report_drc) for more information.

Time (s): cpu = 00:00:00.59 ; elapsed = 00:00:00.37 . Memory (MB): peak = 2376.676 ; gain = 63.996 ; free physical = 13905 ; free virtual = 26565

Starting Cache Timing Information Task
INFO: [Timing 38-35] Done setting XDC timing constraints.
Ending Cache Timing Information Task | Checksum: 10d165be5

Time (s): cpu = 00:00:01 ; elapsed = 00:00:01 . Memory (MB): peak = 2436.488 ; gain = 59.812 ; free physical = 13822 ; free virtual = 26482

Starting Logic Optimization Task

Phase 1 Initialization

Phase 1.1 Core Generation And Design Setup
Phase 1.1 Core Generation And Design Setup | Checksum: 10d165be5

Time (s): cpu = 00:00:00 ; elapsed = 00:00:00.01 . Memory (MB): peak = 2683.426 ; gain = 0.000 ; free physical = 13560 ; free virtual = 26220

Phase 1.2 Setup Constraints And Sort Netlist
Phase 1.2 Setup Constraints And Sort Netlist | Checksum: 10d165be5

Time (s): cpu = 00:00:00.01 ; elapsed = 00:00:00.01 . Memory (MB): peak = 2683.426 ; gain = 0.000 ; free physical = 13560 ; free virtual = 26220
Phase 1 Initialization | Checksum: 10d165be5

Time (s): cpu = 00:00:00.01 ; elapsed = 00:00:00.01 . Memory (MB): peak = 2683.426 ; gain = 0.000 ; free physical = 13560 ; free virtual = 26220

Phase 2 Timer Update And Timing Data Collection

Phase 2.1 Timer Update
Phase 2.1 Timer Update | Checksum: 10d165be5

Time (s): cpu = 00:00:00.01 ; elapsed = 00:00:00.01 . Memory (MB): peak = 2683.426 ; gain = 0.000 ; free physical = 13560 ; free virtual = 26219

Phase 2.2 Timing Data Collection
Phase 2.2 Timing Data Collection | Checksum: 10d165be5

Time (s): cpu = 00:00:00.01 ; elapsed = 00:00:00.01 . Memory (MB): peak = 2683.426 ; gain = 0.000 ; free physical = 13560 ; free virtual = 26219
Phase 2 Timer Update And Timing Data Collection | Checksum: 10d165be5

Time (s): cpu = 00:00:00.01 ; elapsed = 00:00:00.01 . Memory (MB): peak = 2683.426 ; gain = 0.000 ; free physical = 13560 ; free virtual = 26219

Phase 3 Retarget
INFO: [Opt 31-138] Pushed 0 inverter(s) to 0 load pin(s).
INFO: [Opt 31-49] Retargeted 0 cell(s).
Phase 3 Retarget | Checksum: 10d165be5

Time (s): cpu = 00:00:00.01 ; elapsed = 00:00:00.01 . Memory (MB): peak = 2683.426 ; gain = 0.000 ; free physical = 13559 ; free virtual = 26219
Retarget | Checksum: 10d165be5
INFO: [Opt 31-389] Phase Retarget created 0 cells and removed 0 cells

Phase 4 Constant propagation
INFO: [Opt 31-138] Pushed 0 inverter(s) to 0 load pin(s).
Phase 4 Constant propagation | Checksum: dc689641

Time (s): cpu = 00:00:00.01 ; elapsed = 00:00:00.02 . Memory (MB): peak = 2683.426 ; gain = 0.000 ; free physical = 13559 ; free virtual = 26219
Constant propagation | Checksum: dc689641
INFO: [Opt 31-389] Phase Constant propagation created 7 cells and removed 7 cells

Phase 5 Sweep
Phase 5 Sweep | Checksum: 16c716eff

Time (s): cpu = 00:00:00.01 ; elapsed = 00:00:00.02 . Memory (MB): peak = 2683.426 ; gain = 0.000 ; free physical = 13559 ; free virtual = 26219
Sweep | Checksum: 16c716eff
INFO: [Opt 31-389] Phase Sweep created 0 cells and removed 0 cells

Phase 6 BUFG optimization
Phase 6 BUFG optimization | Checksum: 16c716eff

Time (s): cpu = 00:00:00.02 ; elapsed = 00:00:00.02 . Memory (MB): peak = 2715.441 ; gain = 32.016 ; free physical = 13559 ; free virtual = 26219
BUFG optimization | Checksum: 16c716eff
INFO: [Opt 31-662] Phase BUFG optimization created 0 cells of which 0 are BUFGs and removed 0 cells.

Phase 7 Shift Register Optimization
INFO: [Opt 31-1064] SRL Remap converted 0 SRLs to 0 registers and converted 0 registers of register chains to 0 SRLs
Phase 7 Shift Register Optimization | Checksum: 16c716eff

Time (s): cpu = 00:00:00.02 ; elapsed = 00:00:00.02 . Memory (MB): peak = 2715.441 ; gain = 32.016 ; free physical = 13559 ; free virtual = 26219
Shift Register Optimization | Checksum: 16c716eff
INFO: [Opt 31-389] Phase Shift Register Optimization created 0 cells and removed 0 cells

Phase 8 Post Processing Netlist
Phase 8 Post Processing Netlist | Checksum: 16c716eff

Time (s): cpu = 00:00:00.02 ; elapsed = 00:00:00.02 . Memory (MB): peak = 2715.441 ; gain = 32.016 ; free physical = 13559 ; free virtual = 26219
Post Processing Netlist | Checksum: 16c716eff
INFO: [Opt 31-389] Phase Post Processing Netlist created 0 cells and removed 0 cells

Phase 9 Finalization

Phase 9.1 Finalizing Design Cores and Updating Shapes
Phase 9.1 Finalizing Design Cores and Updating Shapes | Checksum: 1bd0bbf8e

Time (s): cpu = 00:00:00.02 ; elapsed = 00:00:00.02 . Memory (MB): peak = 2715.441 ; gain = 32.016 ; free physical = 13559 ; free virtual = 26219

Phase 9.2 Verifying Netlist Connectivity

Starting Connectivity Check Task

Time (s): cpu = 00:00:00.01 ; elapsed = 00:00:00 . Memory (MB): peak = 2715.441 ; gain = 0.000 ; free physical = 13559 ; free virtual = 26219
Phase 9.2 Verifying Netlist Connectivity | Checksum: 1bd0bbf8e

Time (s): cpu = 00:00:00.03 ; elapsed = 00:00:00.02 . Memory (MB): peak = 2715.441 ; gain = 32.016 ; free physical = 13559 ; free virtual = 26219
Phase 9 Finalization | Checksum: 1bd0bbf8e

Time (s): cpu = 00:00:00.03 ; elapsed = 00:00:00.02 . Memory (MB): peak = 2715.441 ; gain = 32.016 ; free physical = 13559 ; free virtual = 26219
Opt_design Change Summary
=========================


-------------------------------------------------------------------------------------------------------------------------
|  Phase                        |  #Cells created  |  #Cells Removed  |  #Constrained objects preventing optimizations  |
-------------------------------------------------------------------------------------------------------------------------
|  Retarget                     |               0  |               0  |                                              0  |
|  Constant propagation         |               7  |               7  |                                              0  |
|  Sweep                        |               0  |               0  |                                              0  |
|  BUFG optimization            |               0  |               0  |                                              0  |
|  Shift Register Optimization  |               0  |               0  |                                              0  |
|  Post Processing Netlist      |               0  |               0  |                                              0  |
-------------------------------------------------------------------------------------------------------------------------


Ending Logic Optimization Task | Checksum: 1bd0bbf8e

Time (s): cpu = 00:00:00.03 ; elapsed = 00:00:00.02 . Memory (MB): peak = 2715.441 ; gain = 32.016 ; free physical = 13559 ; free virtual = 26219
INFO: [Constraints 18-11670] Building netlist checker database with flags, 0x8
Done building netlist checker database: Time (s): cpu = 00:00:00 ; elapsed = 00:00:00 . Memory (MB): peak = 2715.441 ; gain = 0.000 ; free physical = 13559 ; free virtual = 26219

Starting Power Optimization Task
INFO: [Pwropt 34-132] Skipping clock gating for clocks with a period < 2.00 ns.
Ending Power Optimization Task | Checksum: 1bd0bbf8e

Time (s): cpu = 00:00:00 ; elapsed = 00:00:00 . Memory (MB): peak = 2715.441 ; gain = 0.000 ; free physical = 13559 ; free virtual = 26219

Starting Final Cleanup Task
Ending Final Cleanup Task | Checksum: 1bd0bbf8e

Time (s): cpu = 00:00:00 ; elapsed = 00:00:00 . Memory (MB): peak = 2715.441 ; gain = 0.000 ; free physical = 13559 ; free virtual = 26219

Starting Netlist Obfuscation Task
Netlist sorting complete. Time (s): cpu = 00:00:00 ; elapsed = 00:00:00 . Memory (MB): peak = 2715.441 ; gain = 0.000 ; free physical = 13559 ; free virtual = 26219
Ending Netlist Obfuscation Task | Checksum: 1bd0bbf8e

Time (s): cpu = 00:00:00 ; elapsed = 00:00:00 . Memory (MB): peak = 2715.441 ; gain = 0.000 ; free physical = 13559 ; free virtual = 26219
INFO: [Common 17-83] Releasing license: Implementation
18 Infos, 0 Warnings, 0 Critical Warnings and 0 Errors encountered.
opt_design completed successfully
# place_design
Command: place_design
Attempting to get a license for feature 'Implementation' and/or device 'xc7a35t'
INFO: [Common 17-349] Got license for feature 'Implementation' and/or device 'xc7a35t'
INFO: [Common 17-83] Releasing license: Implementation
INFO: [DRC 23-27] Running DRC with 8 threads
INFO: [Vivado_Tcl 4-198] DRC finished with 0 Errors
INFO: [Vivado_Tcl 4-199] Please refer to the DRC report (report_drc) for more information.
Running DRC as a precondition to command place_design
INFO: [DRC 23-27] Running DRC with 8 threads
INFO: [Vivado_Tcl 4-198] DRC finished with 0 Errors
INFO: [Vivado_Tcl 4-199] Please refer to the DRC report (report_drc) for more information.
INFO: [Place 30-611] Multithreading enabled for place_design using a maximum of 8 CPUs

Starting Placer Task

Phase 1 Placer Initialization

Phase 1.1 Placer Initialization Netlist Sorting
Netlist sorting complete. Time (s): cpu = 00:00:00 ; elapsed = 00:00:00 . Memory (MB): peak = 2747.457 ; gain = 0.000 ; free physical = 13561 ; free virtual = 26221
Phase 1.1 Placer Initialization Netlist Sorting | Checksum: 18a6f9eeb

Time (s): cpu = 00:00:00.01 ; elapsed = 00:00:00.01 . Memory (MB): peak = 2747.457 ; gain = 0.000 ; free physical = 13561 ; free virtual = 26221
Netlist sorting complete. Time (s): cpu = 00:00:00 ; elapsed = 00:00:00 . Memory (MB): peak = 2747.457 ; gain = 0.000 ; free physical = 13561 ; free virtual = 26221

Phase 1.2 IO Placement/ Clock Placement/ Build Placer Device
INFO: [Timing 38-35] Done setting XDC timing constraints.
Phase 1.2 IO Placement/ Clock Placement/ Build Placer Device | Checksum: 179074949

Time (s): cpu = 00:00:00.29 ; elapsed = 00:00:00.07 . Memory (MB): peak = 2747.457 ; gain = 0.000 ; free physical = 13564 ; free virtual = 26224

Phase 1.3 Build Placer Netlist Model
Phase 1.3 Build Placer Netlist Model | Checksum: 19ca6b0a5

Time (s): cpu = 00:00:00.34 ; elapsed = 00:00:00.08 . Memory (MB): peak = 2747.457 ; gain = 0.000 ; free physical = 13565 ; free virtual = 26225

Phase 1.4 Constrain Clocks/Macros
Phase 1.4 Constrain Clocks/Macros | Checksum: 19ca6b0a5

Time (s): cpu = 00:00:00.34 ; elapsed = 00:00:00.08 . Memory (MB): peak = 2747.457 ; gain = 0.000 ; free physical = 13565 ; free virtual = 26225
Phase 1 Placer Initialization | Checksum: 19ca6b0a5

Time (s): cpu = 00:00:00.34 ; elapsed = 00:00:00.08 . Memory (MB): peak = 2747.457 ; gain = 0.000 ; free physical = 13565 ; free virtual = 26225

Phase 2 Global Placement

Phase 2.1 Floorplanning
Phase 2.1 Floorplanning | Checksum: 19ca6b0a5

Time (s): cpu = 00:00:00.35 ; elapsed = 00:00:00.08 . Memory (MB): peak = 2747.457 ; gain = 0.000 ; free physical = 13565 ; free virtual = 26225

Phase 2.2 Update Timing before SLR Path Opt
Phase 2.2 Update Timing before SLR Path Opt | Checksum: 19ca6b0a5

Time (s): cpu = 00:00:00.35 ; elapsed = 00:00:00.08 . Memory (MB): peak = 2747.457 ; gain = 0.000 ; free physical = 13565 ; free virtual = 26225

Phase 2.3 Post-Processing in Floorplanning
Phase 2.3 Post-Processing in Floorplanning | Checksum: 19ca6b0a5

Time (s): cpu = 00:00:00.35 ; elapsed = 00:00:00.08 . Memory (MB): peak = 2747.457 ; gain = 0.000 ; free physical = 13565 ; free virtual = 26225

Phase 2.4 Global Placement Core
WARNING: [Place 46-29] Timing had been disabled during Placer and, therefore, physical synthesis in Placer will be skipped.
Phase 2.4 Global Placement Core | Checksum: 1ebbbe6af

Time (s): cpu = 00:00:00.72 ; elapsed = 00:00:00.16 . Memory (MB): peak = 2747.457 ; gain = 0.000 ; free physical = 13576 ; free virtual = 26236
Phase 2 Global Placement | Checksum: 1ebbbe6af

Time (s): cpu = 00:00:00.73 ; elapsed = 00:00:00.16 . Memory (MB): peak = 2747.457 ; gain = 0.000 ; free physical = 13576 ; free virtual = 26236

Phase 3 Detail Placement

Phase 3.1 Commit Multi Column Macros
Phase 3.1 Commit Multi Column Macros | Checksum: 1ebbbe6af

Time (s): cpu = 00:00:00.75 ; elapsed = 00:00:00.16 . Memory (MB): peak = 2747.457 ; gain = 0.000 ; free physical = 13577 ; free virtual = 26237

Phase 3.2 Commit Most Macros & LUTRAMs
Phase 3.2 Commit Most Macros & LUTRAMs | Checksum: 12ba455c8

Time (s): cpu = 00:00:00.8 ; elapsed = 00:00:00.17 . Memory (MB): peak = 2747.457 ; gain = 0.000 ; free physical = 13577 ; free virtual = 26237

Phase 3.3 Area Swap Optimization
Phase 3.3 Area Swap Optimization | Checksum: 1e0dd9649

Time (s): cpu = 00:00:00.83 ; elapsed = 00:00:00.17 . Memory (MB): peak = 2747.457 ; gain = 0.000 ; free physical = 13577 ; free virtual = 26237

Phase 3.4 Pipeline Register Optimization
Phase 3.4 Pipeline Register Optimization | Checksum: 1e0dd9649

Time (s): cpu = 00:00:00.83 ; elapsed = 00:00:00.17 . Memory (MB): peak = 2747.457 ; gain = 0.000 ; free physical = 13577 ; free virtual = 26237

Phase 3.5 Small Shape Detail Placement
Phase 3.5 Small Shape Detail Placement | Checksum: 12ad4d46a

Time (s): cpu = 00:00:01 ; elapsed = 00:00:00.22 . Memory (MB): peak = 2747.457 ; gain = 0.000 ; free physical = 13576 ; free virtual = 26235

Phase 3.6 Re-assign LUT pins
Phase 3.6 Re-assign LUT pins | Checksum: 12ad4d46a

Time (s): cpu = 00:00:01 ; elapsed = 00:00:00.22 . Memory (MB): peak = 2747.457 ; gain = 0.000 ; free physical = 13574 ; free virtual = 26234

Phase 3.7 Pipeline Register Optimization
Phase 3.7 Pipeline Register Optimization | Checksum: 12ad4d46a

Time (s): cpu = 00:00:01 ; elapsed = 00:00:00.22 . Memory (MB): peak = 2747.457 ; gain = 0.000 ; free physical = 13574 ; free virtual = 26234
Phase 3 Detail Placement | Checksum: 12ad4d46a

Time (s): cpu = 00:00:01 ; elapsed = 00:00:00.22 . Memory (MB): peak = 2747.457 ; gain = 0.000 ; free physical = 13574 ; free virtual = 26234

Phase 4 Post Placement Optimization and Clean-Up

Phase 4.1 Post Commit Optimization
Phase 4.1 Post Commit Optimization | Checksum: 12ad4d46a

Time (s): cpu = 00:00:01 ; elapsed = 00:00:00.23 . Memory (MB): peak = 2747.457 ; gain = 0.000 ; free physical = 13562 ; free virtual = 26221

Phase 4.2 Post Placement Cleanup
Phase 4.2 Post Placement Cleanup | Checksum: 12ad4d46a

Time (s): cpu = 00:00:01 ; elapsed = 00:00:00.23 . Memory (MB): peak = 2747.457 ; gain = 0.000 ; free physical = 13562 ; free virtual = 26221

Phase 4.3 Placer Reporting

Phase 4.3.1 Print Estimated Congestion
INFO: [Place 30-612] Post-Placement Estimated Congestion 
 ____________________________________________________
|           | Global Congestion | Short Congestion  |
| Direction | Region Size       | Region Size       |
|___________|___________________|___________________|
|      North|                1x1|                1x1|
|___________|___________________|___________________|
|      South|                1x1|                1x1|
|___________|___________________|___________________|
|       East|                1x1|                1x1|
|___________|___________________|___________________|
|       West|                1x1|                1x1|
|___________|___________________|___________________|

Phase 4.3.1 Print Estimated Congestion | Checksum: 12ad4d46a

Time (s): cpu = 00:00:01 ; elapsed = 00:00:00.23 . Memory (MB): peak = 2747.457 ; gain = 0.000 ; free physical = 13562 ; free virtual = 26221
Phase 4.3 Placer Reporting | Checksum: 12ad4d46a

Time (s): cpu = 00:00:01 ; elapsed = 00:00:00.23 . Memory (MB): peak = 2747.457 ; gain = 0.000 ; free physical = 13562 ; free virtual = 26221

Phase 4.4 Final Placement Cleanup
Netlist sorting complete. Time (s): cpu = 00:00:00 ; elapsed = 00:00:00.01 . Memory (MB): peak = 2747.457 ; gain = 0.000 ; free physical = 13562 ; free virtual = 26221

Time (s): cpu = 00:00:01 ; elapsed = 00:00:00.24 . Memory (MB): peak = 2747.457 ; gain = 0.000 ; free physical = 13562 ; free virtual = 26221
Phase 4 Post Placement Optimization and Clean-Up | Checksum: 12ad4d46a

Time (s): cpu = 00:00:01 ; elapsed = 00:00:00.24 . Memory (MB): peak = 2747.457 ; gain = 0.000 ; free physical = 13562 ; free virtual = 26221
Ending Placer Task | Checksum: 10d095f2f

Time (s): cpu = 00:00:01 ; elapsed = 00:00:00.24 . Memory (MB): peak = 2747.457 ; gain = 0.000 ; free physical = 13562 ; free virtual = 26221
11 Infos, 1 Warnings, 0 Critical Warnings and 0 Errors encountered.
place_design completed successfully
# route_design
Command: route_design
Attempting to get a license for feature 'Implementation' and/or device 'xc7a35t'
INFO: [Common 17-349] Got license for feature 'Implementation' and/or device 'xc7a35t'
Running DRC as a precondition to command route_design
INFO: [DRC 23-27] Running DRC with 8 threads
INFO: [Vivado_Tcl 4-198] DRC finished with 0 Errors
INFO: [Vivado_Tcl 4-199] Please refer to the DRC report (report_drc) for more information.


Starting Routing Task
INFO: [Route 35-254] Multithreading enabled for route_design using a maximum of 8 CPUs

Phase 1 Build RT Design
Checksum: PlaceDB: 332a888e ConstDB: 0 ShapeSum: d9ded6a1 RouteDB: 0
Post Restoration Checksum: NetGraph: 96a83b10 | NumContArr: 48cdf7dc | Constraints: c2a8fa9d | Timing: c2a8fa9d
Phase 1 Build RT Design | Checksum: 264c82826

Time (s): cpu = 00:00:09 ; elapsed = 00:00:08 . Memory (MB): peak = 2748.461 ; gain = 0.000 ; free physical = 13555 ; free virtual = 26214

Phase 2 Router Initialization
INFO: [Route 35-64] No timing constraints were detected. The router will operate in resource-optimization mode.

Phase 2.1 Fix Topology Constraints
Phase 2.1 Fix Topology Constraints | Checksum: 264c82826

Time (s): cpu = 00:00:09 ; elapsed = 00:00:08 . Memory (MB): peak = 2748.461 ; gain = 0.000 ; free physical = 13554 ; free virtual = 26214

Phase 2.2 Pre Route Cleanup
Phase 2.2 Pre Route Cleanup | Checksum: 264c82826

Time (s): cpu = 00:00:09 ; elapsed = 00:00:08 . Memory (MB): peak = 2748.461 ; gain = 0.000 ; free physical = 13554 ; free virtual = 26214
 Number of Nodes with overlaps = 0

Router Utilization Summary
  Global Vertical Routing Utilization    = 0 %
  Global Horizontal Routing Utilization  = 0 %
  Routable Net Status*
  *Does not include unroutable nets such as driverless and loadless.
  Run report_route_status for detailed report.
  Number of Failed Nets               = 39
    (Failed Nets is the sum of unrouted and partially routed nets)
  Number of Unrouted Nets             = 39
  Number of Partially Routed Nets     = 0
  Number of Node Overlaps             = 0

Phase 2 Router Initialization | Checksum: 23d427bdd

Time (s): cpu = 00:00:09 ; elapsed = 00:00:08 . Memory (MB): peak = 2748.461 ; gain = 0.000 ; free physical = 13550 ; free virtual = 26210

Phase 3 Initial Routing

Phase 3.1 Global Routing
Phase 3.1 Global Routing | Checksum: 23d427bdd

Time (s): cpu = 00:00:09 ; elapsed = 00:00:08 . Memory (MB): peak = 2748.461 ; gain = 0.000 ; free physical = 13550 ; free virtual = 26210

Phase 3.2 Initial Net Routing
 Number of Nodes with overlaps = 0
Phase 3.2 Initial Net Routing | Checksum: 21d8eb55e

Time (s): cpu = 00:00:10 ; elapsed = 00:00:08 . Memory (MB): peak = 2748.461 ; gain = 0.000 ; free physical = 13548 ; free virtual = 26208
Phase 3 Initial Routing | Checksum: 21d8eb55e

Time (s): cpu = 00:00:10 ; elapsed = 00:00:08 . Memory (MB): peak = 2748.461 ; gain = 0.000 ; free physical = 13548 ; free virtual = 26208

Phase 4 Rip-up And Reroute

Phase 4.1 Global Iteration 0
Phase 4.1 Global Iteration 0 | Checksum: 21d8eb55e

Time (s): cpu = 00:00:10 ; elapsed = 00:00:08 . Memory (MB): peak = 2748.461 ; gain = 0.000 ; free physical = 13548 ; free virtual = 26208
Phase 4 Rip-up And Reroute | Checksum: 21d8eb55e

Time (s): cpu = 00:00:10 ; elapsed = 00:00:08 . Memory (MB): peak = 2748.461 ; gain = 0.000 ; free physical = 13548 ; free virtual = 26208

Phase 5 Delay and Skew Optimization
Phase 5 Delay and Skew Optimization | Checksum: 21d8eb55e

Time (s): cpu = 00:00:10 ; elapsed = 00:00:08 . Memory (MB): peak = 2748.461 ; gain = 0.000 ; free physical = 13548 ; free virtual = 26208

Phase 6 Post Hold Fix

Phase 6.1 Hold Fix Iter
Phase 6.1 Hold Fix Iter | Checksum: 21d8eb55e

Time (s): cpu = 00:00:10 ; elapsed = 00:00:08 . Memory (MB): peak = 2748.461 ; gain = 0.000 ; free physical = 13548 ; free virtual = 26208
Phase 6 Post Hold Fix | Checksum: 21d8eb55e

Time (s): cpu = 00:00:10 ; elapsed = 00:00:08 . Memory (MB): peak = 2748.461 ; gain = 0.000 ; free physical = 13548 ; free virtual = 26208

Phase 7 Route finalize

Router Utilization Summary
  Global Vertical Routing Utilization    = 0.016583 %
  Global Horizontal Routing Utilization  = 0.0270692 %
  Routable Net Status*
  *Does not include unroutable nets such as driverless and loadless.
  Run report_route_status for detailed report.
  Number of Failed Nets               = 0
    (Failed Nets is the sum of unrouted and partially routed nets)
  Number of Unrouted Nets             = 0
  Number of Partially Routed Nets     = 0
  Number of Node Overlaps             = 0


--GLOBAL Congestion:
Utilization threshold used for congestion level computation: 0.85
Congestion Report
North Dir 1x1 Area, Max Cong = 5.40541%, No Congested Regions.
South Dir 1x1 Area, Max Cong = 5.40541%, No Congested Regions.
East Dir 1x1 Area, Max Cong = 19.1176%, No Congested Regions.
West Dir 1x1 Area, Max Cong = 2.94118%, No Congested Regions.

------------------------------
Reporting congestion hotspots
------------------------------
Direction: North
----------------
Congested clusters found at Level 0
Effective congestion level: 0 Aspect Ratio: 1 Sparse Ratio: 0
Direction: South
----------------
Congested clusters found at Level 0
Effective congestion level: 0 Aspect Ratio: 1 Sparse Ratio: 0
Direction: East
----------------
Congested clusters found at Level 0
Effective congestion level: 0 Aspect Ratio: 1 Sparse Ratio: 0
Direction: West
----------------
Congested clusters found at Level 0
Effective congestion level: 0 Aspect Ratio: 1 Sparse Ratio: 0

Phase 7 Route finalize | Checksum: 21d8eb55e

Time (s): cpu = 00:00:10 ; elapsed = 00:00:08 . Memory (MB): peak = 2748.461 ; gain = 0.000 ; free physical = 13548 ; free virtual = 26208

Phase 8 Verifying routed nets

 Verification completed successfully
Phase 8 Verifying routed nets | Checksum: 21d8eb55e

Time (s): cpu = 00:00:10 ; elapsed = 00:00:08 . Memory (MB): peak = 2748.461 ; gain = 0.000 ; free physical = 13548 ; free virtual = 26208

Phase 9 Depositing Routes
Phase 9 Depositing Routes | Checksum: 2d9704a36

Time (s): cpu = 00:00:10 ; elapsed = 00:00:08 . Memory (MB): peak = 2748.461 ; gain = 0.000 ; free physical = 13548 ; free virtual = 26208
INFO: [Route 35-16] Router Completed Successfully

Phase 10 Post-Route Event Processing
Phase 10 Post-Route Event Processing | Checksum: 1a1df98cd

Time (s): cpu = 00:00:10 ; elapsed = 00:00:08 . Memory (MB): peak = 2748.461 ; gain = 0.000 ; free physical = 13548 ; free virtual = 26208
Ending Routing Task | Checksum: 1a1df98cd

Time (s): cpu = 00:00:10 ; elapsed = 00:00:08 . Memory (MB): peak = 2748.461 ; gain = 0.000 ; free physical = 13548 ; free virtual = 26208

Routing Is Done.
INFO: [Common 17-83] Releasing license: Implementation
8 Infos, 0 Warnings, 0 Critical Warnings and 0 Errors encountered.
route_design completed successfully
route_design: Time (s): cpu = 00:00:10 ; elapsed = 00:00:08 . Memory (MB): peak = 2748.461 ; gain = 1.004 ; free physical = 13548 ; free virtual = 26207
# write_verilog -force $outputDir/netlist.v -mode timesim -sdf_anno true
# write_bitstream -force $outputDir/test.bit
Command: write_bitstream -force ./out//test.bit
Attempting to get a license for feature 'Implementation' and/or device 'xc7a35t'
INFO: [Common 17-349] Got license for feature 'Implementation' and/or device 'xc7a35t'
Running DRC as a precondition to command write_bitstream
INFO: [IP_Flow 19-234] Refreshing IP repositories
INFO: [IP_Flow 19-1704] No user IP repositories specified
INFO: [IP_Flow 19-2313] Loaded Vivado IP repository '/home/eskilrl/xilinx/Vivado/2023.2/data/ip'.
INFO: [DRC 23-27] Running DRC with 8 threads
WARNING: [DRC CFGBVS-1] Missing CFGBVS and CONFIG_VOLTAGE Design Properties: Neither the CFGBVS nor CONFIG_VOLTAGE voltage property is set in the current_design.  Configuration bank voltage select (CFGBVS) must be set to VCCO or GND, and CONFIG_VOLTAGE must be set to the correct configuration voltage, in order to determine the I/O voltage support for the pins in bank 0.  It is suggested to specify these either using the 'Edit Device Properties' function in the GUI or directly in the XDC file using the following syntax:

 set_property CFGBVS value1 [current_design]
 #where value1 is either VCCO or GND

 set_property CONFIG_VOLTAGE value2 [current_design]
 #where value2 is the voltage provided to configuration bank 0

Refer to the device configuration user guide for more information.
INFO: [Vivado 12-3199] DRC finished with 0 Errors, 1 Warnings
INFO: [Vivado 12-3200] Please refer to the DRC report (report_drc) for more information.
INFO: [Designutils 20-2272] Running write_bitstream with 8 threads.
Loading data files...
Loading site data...
Loading route data...
Processing options...
Creating bitmap...
Creating bitstream...
Writing bitstream ./out//test.bit...
INFO: [Vivado 12-1842] Bitgen Completed Successfully.
INFO: [Project 1-1876] WebTalk data collection is mandatory when using a ULT device. To see the specific WebTalk data collected for your design, open the usage_statistics_webtalk.html or usage_statistics_webtalk.xml file in the implementation directory.
INFO: [Common 17-83] Releasing license: Implementation
11 Infos, 1 Warnings, 0 Critical Warnings and 0 Errors encountered.
write_bitstream completed successfully
write_bitstream: Time (s): cpu = 00:00:05 ; elapsed = 00:00:14 . Memory (MB): peak = 2948.930 ; gain = 200.469 ; free physical = 13284 ; free virtual = 25944
INFO: [Common 17-206] Exiting Vivado at Fri Sep  6 18:54:46 2024...
